// Vitest Snapshot v1, https://vitest.dev/guide/snapshot.html

exports[`ContentFooter > should match snapshot 1`] = `
<div>
  <span
    class="sc-hNbhPl jLHxYQ"
    color="#0f52ba"
    role="progressbar"
  />
  <span
    class="sc-bBZcRO emKdNx"
    dir="up"
    offset="-8"
  />
</div>
`;
