// Vitest Snapshot v1, https://vitest.dev/guide/snapshot.html

exports[`Timeline vertical item > Should match snapshot 1`] = `
<div>
  <div
    class="sc-dmRblv bsPibf  vertical-item-row"
    data-testid="vertical-item-row"
    role="listitem"
  >
    <div
      class="sc-fLljvp cnvAQI"
      mode="VERTICAL_ALTERNATING"
    >
      <div
        align="right"
        class="sc-iBkiHk gSzLib timeline-item-title title"
      >
        vertical item title
      </div>
    </div>
    <div
      class="sc-kgfleI detWQM card-content-wrapper "
    >
      <section
        class="sc-jdANtv jVETpb timeline-card-content  card"
        mode="VERTICAL_ALTERNATING"
        tabindex="0"
      >
        <div
          class="sc-ezWNbD hBymUf card-media-wrapper card-media"
          mode="VERTICAL_ALTERNATING"
        >
          <div
            class="sc-ciZfDS eZQaUW"
            height="200"
          >
            <img
              class="sc-bZkfhe eqJDen"
              loading="lazy"
              mode="VERTICAL_ALTERNATING"
              role="img"
              src="https://www.google.com/images/branding/googlelogo/2x/googlelogo_color_272x92dp.png"
            />
          </div>
        </div>
        <div
          class="sc-ikZqro cHwsZc"
          mode="VERTICAL_ALTERNATING"
        >
          <div
            class="sc-cCsQgl dQaKbf"
          />
        </div>
        <div
          aria-expanded="false"
          class="sc-dPyBWt gKztRT show-less card-description card-text"
        />
        <span
          class="sc-kgUARR gNibpY"
          dir=""
          offset="-8"
        />
      </section>
    </div>
    <div
      bg="#0f52ba"
      class="sc-lbxABV dzVrWj"
      data-testid="tree-leaf"
      role="button"
    >
      <div
        aria-label="select timeline"
        class="sc-iNWxLw bzJeHt  timeline-vertical-circle"
        data-testid="tree-leaf-click"
        role="button"
      >
        <div
          class="sc-kDDqET lcXkxp"
          dimension="16"
        />
      </div>
    </div>
  </div>
</div>
`;
