// Vitest Snapshot v1, https://vitest.dev/guide/snapshot.html

exports[`TimelineHorizontalCard > should match the snapshot 1`] = `
<div>
  <div
    class="sc-hAZoWV iDvkbn vertical_alternating"
    data-testid="timeline-item"
  >
    <div
      class="sc-fEOqom bjWulQ"
    >
      <div
        class="sc-bjUoET kiSoat timeline-circle using-icon vertical_alternating active"
        data-testid="timeline-circle"
        dimension="16"
      >
        icon child
      </div>
    </div>
    <div
      class="sc-idiyyg iKxUGU vertical_alternating"
      data-testid="timeline-title"
    >
      <div
        class="sc-ksZauW icZFtY timeline-item-title active title"
      />
    </div>
  </div>
</div>
`;
